
> stocks_app@0.1.0 build
> next build --turbopack

node.exe :  ΓÜá Warning: 
Next.js inferred your 
workspace root, but it 
may not be correct.
At C:\Program 
Files\nodejs\npm.ps1:29 
char:3
+   & $NODE_EXE 
$NPM_CLI_JS $args
+   ~~~~~~~~~~~~~~~~~~~~~~
~~~~~~~
    + CategoryInfo        
      : NotSpecified: (   
  ΓÜá Warning: N...not    
 be correct.:String) [    
], RemoteException
    + FullyQualifiedError 
   Id : NativeCommandErr  
  or
 
 We detected multiple 
lockfiles and selected 
the directory of C:\Users\
DELL\package-lock.json as 
the root directory.
 To silence this warning, 
set `turbopack.root` in 
your Next.js config, or 
consider removing one of 
the lockfiles if it's not 
needed.
   See https://nextjs.org/
docs/app/api-reference/con
fig/next-config-js/turbopa
ck#root-directory for 
more information.
 Detected additional 
lockfiles: 
   * C:\Users\DELL\Downloa
ds\BROKERAGE\BROKERAGE\pac
kage-lock.json
   * C:\Users\DELL\Downloa
ds\package-lock.json

   Γû▓ Next.js 15.5.2 (Turbopack)
   - Environments: .env.local

   Creating an optimized production build ...
 Γ£ô Finished writing to disk in 148ms

> Build error occurred
Error: Turbopack build 
failed with 4 errors:
./Downloads/BROKERAGE/BROK
ERAGE/components/UserDropd
own.tsx:16:1
Module not found: Can't 
resolve '@/lib/actions/aut
h.actions'
[0m [90m 14 |[39m 
[36mimport[39m 
{[33mLogOut[39m} 
[36mfrom[39m [32m"lucid
e-react"[39m[33m;[39m
 [90m 15 |[39m 
[36mimport[39m 
[33mNavItems[39m 
[36mfrom[39m [32m"@/com
ponents/NavItems"[39m[33
m;[39m
[31m[1m>[22m[39m[90m 
16 |[39m 
[36mimport[39m 
{signOut} [36mfrom[39m 
[32m"@/lib/actions/auth.ac
tions"[39m[33m;[39m
 [90m    |[39m [31m[1m
^[22m[39m[31m[1m^[22m
[39m[31m[1m^[22m[39m
[31m[1m^[22m[39m[31m[
1m^[22m[39m[31m[1m^[2
2m[39m[31m[1m^[22m[39
m[31m[1m^[22m[39m[31m
[1m^[22m[39m[31m[1m^
[22m[39m[31m[1m^[22m[
39m[31m[1m^[22m[39m[3
1m[1m^[22m[39m[31m[1m
^[22m[39m[31m[1m^[22m
[39m[31m[1m^[22m[39m
[31m[1m^[22m[39m[31m[
1m^[22m[39m[31m[1m^[2
2m[39m[31m[1m^[22m[39
m[31m[1m^[22m[39m[31m
[1m^[22m[39m[31m[1m^
[22m[39m[31m[1m^[22m[
39m[31m[1m^[22m[39m[3
1m[1m^[22m[39m[31m[1m
^[22m[39m[31m[1m^[22m
[39m[31m[1m^[22m[39m
[31m[1m^[22m[39m[31m[
1m^[22m[39m[31m[1m^[2
2m[39m[31m[1m^[22m[39
m[31m[1m^[22m[39m[31m
[1m^[22m[39m[31m[1m^
[22m[39m[31m[1m^[22m[
39m[31m[1m^[22m[39m[3
1m[1m^[22m[39m[31m[1m
^[22m[39m[31m[1m^[22m
[39m[31m[1m^[22m[39m
[31m[1m^[22m[39m[31m[
1m^[22m[39m[31m[1m^[2
2m[39m[31m[1m^[22m[39
m[31m[1m^[22m[39m[31m
[1m^[22m[39m[31m[1m^
[22m[39m[31m[1m^[22m[
39m[31m[1m^[22m[39m
 [90m 17 |[39m
 [90m 18 |[39m 
[36mconst[39m 
[33mUserDropdown[39m 
[33m=[39m ({ 
user[33m,[39m 
initialStocks 
}[33m:[39m 
{user[33m:[39m 
[33mUser[39m[33m,[39m 
initialStocks[33m:[39m 
[33mStockWithWatchlistStat
us[39m[]}) [33m=>[39m {
 [90m 19 |[39m     
[36mconst[39m router 
[33m=[39m 
useRouter()[33m;[39m[0m

Import map: aliased to 
relative './lib/actions/au
th.actions' inside of [pro
ject]/Downloads/BROKERAGE/
BROKERAGE


https://nextjs.org/docs/me
ssages/module-not-found


./Downloads/BROKERAGE/BROK
ERAGE/components/UserDropd
own.tsx:16:1
Module not found: Can't 
resolve '@/lib/actions/aut
h.actions'
[0m [90m 14 |[39m 
[36mimport[39m 
{[33mLogOut[39m} 
[36mfrom[39m [32m"lucid
e-react"[39m[33m;[39m
 [90m 15 |[39m 
[36mimport[39m 
[33mNavItems[39m 
[36mfrom[39m [32m"@/com
ponents/NavItems"[39m[33
m;[39m
[31m[1m>[22m[39m[90m 
16 |[39m 
[36mimport[39m 
{signOut} [36mfrom[39m 
[32m"@/lib/actions/auth.ac
tions"[39m[33m;[39m
 [90m    |[39m [31m[1m
^[22m[39m[31m[1m^[22m
[39m[31m[1m^[22m[39m
[31m[1m^[22m[39m[31m[
1m^[22m[39m[31m[1m^[2
2m[39m[31m[1m^[22m[39
m[31m[1m^[22m[39m[31m
[1m^[22m[39m[31m[1m^
[22m[39m[31m[1m^[22m[
39m[31m[1m^[22m[39m[3
1m[1m^[22m[39m[31m[1m
^[22m[39m[31m[1m^[22m
[39m[31m[1m^[22m[39m
[31m[1m^[22m[39m[31m[
1m^[22m[39m[31m[1m^[2
2m[39m[31m[1m^[22m[39
m[31m[1m^[22m[39m[31m
[1m^[22m[39m[31m[1m^
[22m[39m[31m[1m^[22m[
39m[31m[1m^[22m[39m[3
1m[1m^[22m[39m[31m[1m
^[22m[39m[31m[1m^[22m
[39m[31m[1m^[22m[39m
[31m[1m^[22m[39m[31m[
1m^[22m[39m[31m[1m^[2
2m[39m[31m[1m^[22m[39
m[31m[1m^[22m[39m[31m
[1m^[22m[39m[31m[1m^
[22m[39m[31m[1m^[22m[
39m[31m[1m^[22m[39m[3
1m[1m^[22m[39m[31m[1m
^[22m[39m[31m[1m^[22m
[39m[31m[1m^[22m[39m
[31m[1m^[22m[39m[31m[
1m^[22m[39m[31m[1m^[2
2m[39m[31m[1m^[22m[39
m[31m[1m^[22m[39m[31m
[1m^[22m[39m[31m[1m^
[22m[39m[31m[1m^[22m[
39m[31m[1m^[22m[39m
 [90m 17 |[39m
 [90m 18 |[39m 
[36mconst[39m 
[33mUserDropdown[39m 
[33m=[39m ({ 
user[33m,[39m 
initialStocks 
}[33m:[39m 
{user[33m:[39m 
[33mUser[39m[33m,[39m 
initialStocks[33m:[39m 
[33mStockWithWatchlistStat
us[39m[]}) [33m=>[39m {
 [90m 19 |[39m     
[36mconst[39m router 
[33m=[39m 
useRouter()[33m;[39m[0m

Import map: aliased to 
relative './lib/actions/au
th.actions' inside of [pro
ject]/Downloads/BROKERAGE/
BROKERAGE


https://nextjs.org/docs/me
ssages/module-not-found


./Downloads/BROKERAGE/BROK
ERAGE/components/UserDropd
own.tsx:16:1
Module not found: Can't 
resolve '@/lib/actions/aut
h.actions'
[0m [90m 14 |[39m 
[36mimport[39m 
{[33mLogOut[39m} 
[36mfrom[39m [32m"lucid
e-react"[39m[33m;[39m
 [90m 15 |[39m 
[36mimport[39m 
[33mNavItems[39m 
[36mfrom[39m [32m"@/com
ponents/NavItems"[39m[33
m;[39m
[31m[1m>[22m[39m[90m 
16 |[39m 
[36mimport[39m 
{signOut} [36mfrom[39m 
[32m"@/lib/actions/auth.ac
tions"[39m[33m;[39m
 [90m    |[39m [31m[1m
^[22m[39m[31m[1m^[22m
[39m[31m[1m^[22m[39m
[31m[1m^[22m[39m[31m[
1m^[22m[39m[31m[1m^[2
2m[39m[31m[1m^[22m[39
m[31m[1m^[22m[39m[31m
[1m^[22m[39m[31m[1m^
[22m[39m[31m[1m^[22m[
39m[31m[1m^[22m[39m[3
1m[1m^[22m[39m[31m[1m
^[22m[39m[31m[1m^[22m
[39m[31m[1m^[22m[39m
[31m[1m^[22m[39m[31m[
1m^[22m[39m[31m[1m^[2
2m[39m[31m[1m^[22m[39
m[31m[1m^[22m[39m[31m
[1m^[22m[39m[31m[1m^
[22m[39m[31m[1m^[22m[
39m[31m[1m^[22m[39m[3
1m[1m^[22m[39m[31m[1m
^[22m[39m[31m[1m^[22m
[39m[31m[1m^[22m[39m
[31m[1m^[22m[39m[31m[
1m^[22m[39m[31m[1m^[2
2m[39m[31m[1m^[22m[39
m[31m[1m^[22m[39m[31m
[1m^[22m[39m[31m[1m^
[22m[39m[31m[1m^[22m[
39m[31m[1m^[22m[39m[3
1m[1m^[22m[39m[31m[1m
^[22m[39m[31m[1m^[22m
[39m[31m[1m^[22m[39m
[31m[1m^[22m[39m[31m[
1m^[22m[39m[31m[1m^[2
2m[39m[31m[1m^[22m[39
m[31m[1m^[22m[39m[31m
[1m^[22m[39m[31m[1m^
[22m[39m[31m[1m^[22m[
39m[31m[1m^[22m[39m
 [90m 17 |[39m
 [90m 18 |[39m 
[36mconst[39m 
[33mUserDropdown[39m 
[33m=[39m ({ 
user[33m,[39m 
initialStocks 
}[33m:[39m 
{user[33m:[39m 
[33mUser[39m[33m,[39m 
initialStocks[33m:[39m 
[33mStockWithWatchlistStat
us[39m[]}) [33m=>[39m {
 [90m 19 |[39m     
[36mconst[39m router 
[33m=[39m 
useRouter()[33m;[39m[0m

Import map: aliased to 
relative './lib/actions/au
th.actions' inside of [pro
ject]/Downloads/BROKERAGE/
BROKERAGE


https://nextjs.org/docs/me
ssages/module-not-found


./Downloads/BROKERAGE/BROK
ERAGE/components/UserDropd
own.tsx:16:1
Module not found: Can't 
resolve '@/lib/actions/aut
h.actions'
[0m [90m 14 |[39m 
[36mimport[39m 
{[33mLogOut[39m} 
[36mfrom[39m [32m"lucid
e-react"[39m[33m;[39m
 [90m 15 |[39m 
[36mimport[39m 
[33mNavItems[39m 
[36mfrom[39m [32m"@/com
ponents/NavItems"[39m[33
m;[39m
[31m[1m>[22m[39m[90m 
16 |[39m 
[36mimport[39m 
{signOut} [36mfrom[39m 
[32m"@/lib/actions/auth.ac
tions"[39m[33m;[39m
 [90m    |[39m [31m[1m
^[22m[39m[31m[1m^[22m
[39m[31m[1m^[22m[39m
[31m[1m^[22m[39m[31m[
1m^[22m[39m[31m[1m^[2
2m[39m[31m[1m^[22m[39
m[31m[1m^[22m[39m[31m
[1m^[22m[39m[31m[1m^
[22m[39m[31m[1m^[22m[
39m[31m[1m^[22m[39m[3
1m[1m^[22m[39m[31m[1m
^[22m[39m[31m[1m^[22m
[39m[31m[1m^[22m[39m
[31m[1m^[22m[39m[31m[
1m^[22m[39m[31m[1m^[2
2m[39m[31m[1m^[22m[39
m[31m[1m^[22m[39m[31m
[1m^[22m[39m[31m[1m^
[22m[39m[31m[1m^[22m[
39m[31m[1m^[22m[39m[3
1m[1m^[22m[39m[31m[1m
^[22m[39m[31m[1m^[22m
[39m[31m[1m^[22m[39m
[31m[1m^[22m[39m[31m[
1m^[22m[39m[31m[1m^[2
2m[39m[31m[1m^[22m[39
m[31m[1m^[22m[39m[31m
[1m^[22m[39m[31m[1m^
[22m[39m[31m[1m^[22m[
39m[31m[1m^[22m[39m[3
1m[1m^[22m[39m[31m[1m
^[22m[39m[31m[1m^[22m
[39m[31m[1m^[22m[39m
[31m[1m^[22m[39m[31m[
1m^[22m[39m[31m[1m^[2
2m[39m[31m[1m^[22m[39
m[31m[1m^[22m[39m[31m
[1m^[22m[39m[31m[1m^
[22m[39m[31m[1m^[22m[
39m[31m[1m^[22m[39m
 [90m 17 |[39m
 [90m 18 |[39m 
[36mconst[39m 
[33mUserDropdown[39m 
[33m=[39m ({ 
user[33m,[39m 
initialStocks 
}[33m:[39m 
{user[33m:[39m 
[33mUser[39m[33m,[39m 
initialStocks[33m:[39m 
[33mStockWithWatchlistStat
us[39m[]}) [33m=>[39m {
 [90m 19 |[39m     
[36mconst[39m router 
[33m=[39m 
useRouter()[33m;[39m[0m

Import map: aliased to 
relative './lib/actions/au
th.actions' inside of [pro
ject]/Downloads/BROKERAGE/
BROKERAGE


https://nextjs.org/docs/me
ssages/module-not-found


    at <unknown> (./Downlo
ads/BROKERAGE/BROKERAGE/co
mponents/UserDropdown.tsx:
16:1)
    at <unknown> (https://
nextjs.org/docs/messages/m
odule-not-found)
    at <unknown> (./Downlo
ads/BROKERAGE/BROKERAGE/co
mponents/UserDropdown.tsx:
16:1)
    at <unknown> (https://
nextjs.org/docs/messages/m
odule-not-found)
    at <unknown> (./Downlo
ads/BROKERAGE/BROKERAGE/co
mponents/UserDropdown.tsx:
16:1)
    at <unknown> (https://
nextjs.org/docs/messages/m
odule-not-found)
    at <unknown> (./Downlo
ads/BROKERAGE/BROKERAGE/co
mponents/UserDropdown.tsx:
16:1)
    at <unknown> (https://
nextjs.org/docs/messages/m
odule-not-found)
